
> frontend@0.0.0 build
> tsc -b && vite build

src/App.tsx(1,1): error TS6133: 'React' is declared but its value is never read.
src/pages/Balances.tsx(2,64): error TS6133: 'AlertTriangle' is declared but its value is never read.
src/pages/Balances.tsx(56,12): error TS6133: 'hoursData' is declared but its value is never read.
src/pages/Balances.tsx(57,12): error TS6133: 'choferes' is declared but its value is never read.
src/pages/Balances.tsx(58,12): error TS6133: 'loading' is declared but its value is never read.
src/pages/Zonas.tsx(2,21): error TS6133: 'CheckSquare' is declared but its value is never read.
src/pages/Zonas.tsx(2,34): error TS6133: 'Square' is declared but its value is never read.
src/pages/Zonas.tsx(23,12): error TS6133: 'saving' is declared but its value is never read.
